[0;33mYou try to pierce the green gelatinous blob but pierce the air instead!
[0m[0;31mThe green gelatinous blob hopelessly tries to crush you.
[0m[0;31mYou wish that your wounds would stop BLEEDING so much![0m

4H 100M 83V (news) (motd) > 
Lil tries to pierce air instead of fighting the green gelatinous blob.
The green gelatinous blob ducks under Lumina's fist as she takes a swing at it.
[0;33mYou try to pierce the green gelatinous blob but pierce the air instead!
[0mThe green gelatinous blob crushes you hard.
[0mYou are mortally wounded, and will die soon, if not aided.

-6H 100M 83V (news) (motd) > 
[0;31mThe green gelatinous blob crushes you right out of existence!
[0mYou are dead!  Sorry...

Welcome to tbaMUD!
0) Exit from tbaMUD.
1) Enter the game.
2) Enter description.
3) Read the background story.
4) Change password.
5) Delete this character.

   Make your choice: 
Welcome to tbaMUD!  May your visit here be... Enlightening

[0;33mThe Temple Of Midgaard[0m
   You are in the southern end of the temple hall in the Temple of Midgaard.
The temple has been constructed from giant marble blocks, eternal in
appearance, and most of the walls are covered by ancient wall paintings
picturing Gods, giants and peasants.
   Large steps lead down through the grand temple gate, descending the huge
mound upon which the temple is built and ends on the temple square below.
To the west, you see the Reading Room.  The donation room is in a small
alcove to your east.
[0;36m[ Exits: n e s w d ][0m
