
15H 100M 81V (news) (motd) > 
Vallen panics, and attempts to flee!
Vallen leaves east.

15H 100M 81V (news) (motd) > [0;33mMain Street[0m
   The main street, to the north is the weapon shop and to the south is the
Guild of Swordsmen.  To the east you leave town and to the west the street
leads to the market square.
[0;36m[ Exits: n e s w ][0m
[0;33m([1;32mleader[0m) Vallen the Swordpupil is standing here.
[0mYou flee head over heels.
Vallen panics, and attempts to flee!
Vallen leaves south.

15H 100M 80V (news) (motd) > [0;33mInside The East Gate Of Midgaard[0m
   You are by two small towers that have been built into the city wall and
connected with a footbridge across the heavy wooden gate.  Main Street leads
west from here.  To the south you see the Water Shop.
[0;36m[ Exits: e s w ][0m
[0;33mA cityguard is here, guarding the gate.
[0m[0;33mA cityguard is here, guarding the gate.
[0m[0;33mA cityguard is here, guarding the gate.
[0m[0;33mA cityguard is here, guarding the gate.
[0m[0;33mA cityguard is here, guarding the gate.
