[0m#MAP READ: FILE {maps/Senia.map} NOT FOUND.[0m

Attempting to Detect Client, Please Wait...

[38;5;214m[[38;5;208mClient[38;5;214m] [38;5;145mTINTIN++[0;00m | [38;5;214m[[38;5;208mColors[38;5;214m] [38;5;145m256[0;00m | [38;5;214m[[38;5;208mMXP[38;5;214m] [38;5;145mNo[0;00m | [38;5;214m[[38;5;208mMSDP[38;5;214m] [38;5;145mNo[0;00m | [38;5;214m[[38;5;208mATCP[38;5;214m] [38;5;145mNo[0;00m

                               T  B  A  M  U  D
                                   2 0 2 5 

   Based on CircleMUD by Jeremy Elson and DikuMUD by Hans-Henrik Staerfeldt,
        Katja Nyboe, Tom Madsen, Michael Seifert, and Sebastian Hammer

By what name do you wish to be known? Password: 
      Welcome to
                               T  B  A  M   U   D
                         D E V E L O P M E N T  P O R T
        Please be brutal with the bug, idea, and typo commands. -- Rumble

*** PRESS RETURN: 
Welcome to tbaMUD!
0) Exit from tbaMUD.
1) Enter the game.
2) Enter description.
3) Read the background story.
4) Change password.
5) Delete this character.

   Make your choice: 
Welcome to tbaMUD!  May your visit here be... Enlightening

[0;33mThe Tournament And Practice Yard[0m
   This is the practice yard of the fighters.  To the north is the bar.
A well leads down into darkness.
[0;36m[ Exits: n d ][0m
[0;33mYour guildmaster is standing here sharpening an axe.
[0m
21H 100M 76V (news) (motd) > You are already standing.

21H 100M 76V (news) (motd) > You are 17 years old.  It's your birthday today.
You have 21(21) hit, 100(100) mana and 76(85) movement points.
