This ranks you as Lil the Apprentice of Magic (level 1).
You are standing.
You are hungry.
You are thirsty.

13H 100M 66V (news) (motd) > You have 2 practice sessions remaining.
You know of the following spells:
magic missile         (not learned)
[0;00m
13H 100M 66V (news) (motd) > [0;33mThe Mages' Laboratory[0m
   This is the Magical Experiments Laboratory.  Dark smoke-stained stones arch
over numerous huge oaken tables, most of these cluttered with strange- looking
pipes and flasks.  The floor is covered with half-erased pentagrams and even
weirder symbols, and a blackboard in a dark corner has only been partially
cleaned, some painful-looking letters faintly visible.
[0;36m[ Exits: w ][0m
[0;33mYour guildmaster is studying a spellbook while preparing to cast a spell.
[0m
13H 100M 66V (news) (motd) > [0;31mYou tell Vallen, 'lost'[0m

13H 100M 66V (news) (motd) > No one by that name here.

13H 100M 66V (news) (motd) > No one by that name here.

13H 100M 66V (news) (motd) > [0;31mYou tell Vallen, 'water'[0m

